// Jest Snapshot v1, https://goo.gl/fbAQLP

exports[`Display renders correctly 1`] = `
<div>
  <div
    id="navbar"
  >
    <img
      alt="PokÃ©mon"
      className="pokemon-logo"
      src="./logo.png"
    />
  </div>
  <div
    className="filter-container"
  >
    <form>
      <select
        id="types-listing"
      >
        <option
          value="all"
        >
          All pokemon
        </option>
        <option
          value="bug"
        >
          Bug
        </option>
        <option
          value="dragon"
        >
          Dragon
        </option>
        <option
          value="electric"
        >
          Electric
        </option>
        <option
          value="fighting"
        >
          Fighting
        </option>
        <option
          value="fire"
        >
          Fire
        </option>
        <option
          value="flying"
        >
          Flying
        </option>
        <option
          value="ghost"
        >
          Ghost
        </option>
        <option
          value="grass"
        >
          Grass
        </option>
        <option
          value="ground"
        >
          Ground
        </option>
        <option
          value="ice"
        >
          Ice
        </option>
        <option
          value="normal"
        >
          Normal
        </option>
        <option
          value="poison"
        >
          Poison
        </option>
        <option
          value="psychic"
        >
          Psychic
        </option>
        <option
          value="rock"
        >
          Rock
        </option>
        <option
          value="water"
        >
          Water
        </option>
      </select>
      <button
        className="filter-button"
        onClick={[Function]}
        type="button"
      >
        Filter
      </button>
    </form>
  </div>
  <div
    className="loading-container"
  >
    <h1
      className="loading-message"
    >
      Loading...
    </h1>
  </div>
</div>
`;
